// Jest Snapshot v1, https://goo.gl/fbAQLP

exports[`FacebookStyle check snapshot should match snapshot 1`] = `
<NativeSvg
  animate={true}
  backgroundColor="#f5f6f7"
  foregroundColor="#eee"
  height={124}
  interval={0.25}
  rtl={false}
  speed={1.2}
  style={Object {}}
  viewBox="0 0 476 124"
  width={476}
>
  <Rect
    height="6"
    rx="3"
    width="88"
    x="48"
    y="8"
  />
  <Rect
    height="6"
    rx="3"
    width="52"
    x="48"
    y="26"
  />
  <Rect
    height="6"
    rx="3"
    width="410"
    x="0"
    y="56"
  />
  <Rect
    height="6"
    rx="3"
    width="380"
    x="0"
    y="72"
  />
  <Rect
    height="6"
    rx="3"
    width="178"
    x="0"
    y="88"
  />
  <Circle
    cx="20"
    cy="20"
    r="20"
  />
</NativeSvg>
`;
